threads: 8 | isa: asimd | bit_width: 128
== case 1: f, n=1024, default ==
/Users/wchiu/Documents/GitHub/gmc-ithome/.venv/lib/python3.12/site-packages/torch/_dynamo/pgo.py:525: UserWarning: dynamo_pgo force disabled by torch._inductor.config.force_disable_caches
  warn_once(

#include <torch/csrc/inductor/cpp_prefix.h>
extern "C"  void kernel(const float* in_ptr0,
                       const float* in_ptr1,
                       float* out_ptr0)
{
    {
        for(int64_t x0=static_cast<int64_t>(0LL); x0<static_cast<int64_t>(1024LL); x0+=static_cast<int64_t>(4LL))
        {
            {
                if(C10_LIKELY(x0 >= static_cast<int64_t>(0) && x0 < static_cast<int64_t>(1024LL)))
                {
                    auto tmp0 = at::vec::Vectorized<float>::loadu(in_ptr0 + static_cast<int64_t>(x0), static_cast<int64_t>(4));
                    auto tmp1 = at::vec::Vectorized<float>::loadu(in_ptr1 + static_cast<int64_t>(x0), static_cast<int64_t>(4));
                    auto tmp2 = tmp0 + tmp1;
                    auto tmp3 = at::vec::clamp_min(tmp2, decltype(tmp2)(0));
                    auto tmp4 = static_cast<float>(2.0);
                    auto tmp5 = at::vec::Vectorized<float>(tmp4);
                    auto tmp6 = tmp3 * tmp5;
                    tmp6.store(out_ptr0 + static_cast<int64_t>(x0));
                }
            }
        }
    }
}

== case 2: f, n=1024, simdlen=1 ==
/Users/wchiu/Documents/GitHub/gmc-ithome/.venv/lib/python3.12/site-packages/torch/_dynamo/pgo.py:525: UserWarning: dynamo_pgo force disabled by torch._inductor.config.force_disable_caches
  warn_once(

#include <torch/csrc/inductor/cpp_prefix.h>
extern "C"  void kernel(const float* in_ptr0,
                       const float* in_ptr1,
                       float* out_ptr0)
{
    {
        for(int64_t x0=static_cast<int64_t>(0LL); x0<static_cast<int64_t>(1024LL); x0+=static_cast<int64_t>(1LL))
        {
            {
                {
                    auto tmp0 = in_ptr0[static_cast<int64_t>(x0)];
                    auto tmp1 = in_ptr1[static_cast<int64_t>(x0)];
                    auto tmp2 = float(tmp0 + tmp1);
                    auto tmp3 = std::max(tmp2, decltype(tmp2)(0));
                    auto tmp4 = static_cast<float>(2.0);
                    auto tmp5 = float(tmp3 * tmp4);
                    out_ptr0[static_cast<int64_t>(x0)] = tmp5;
                }
            }
        }
    }
}

== case 3: f, n=3 ==
/Users/wchiu/Documents/GitHub/gmc-ithome/.venv/lib/python3.12/site-packages/torch/_dynamo/pgo.py:525: UserWarning: dynamo_pgo force disabled by torch._inductor.config.force_disable_caches
  warn_once(

#include <torch/csrc/inductor/cpp_prefix.h>
extern "C"  void kernel(const float* in_ptr0,
                       const float* in_ptr1,
                       float* out_ptr0)
{
    {
        for(int64_t x0=static_cast<int64_t>(0LL); x0<static_cast<int64_t>(3LL); x0+=static_cast<int64_t>(4LL))
        {
            {
                if(C10_LIKELY(x0 >= static_cast<int64_t>(0LL) && x0 < static_cast<int64_t>(3LL)))
                {
                    auto tmp0 = at::vec::Vectorized<float>::loadu(in_ptr0 + static_cast<int64_t>(x0), static_cast<int64_t>(3LL));
                    auto tmp1 = at::vec::Vectorized<float>::loadu(in_ptr1 + static_cast<int64_t>(x0), static_cast<int64_t>(3LL));
                    auto tmp2 = tmp0 + tmp1;
                    auto tmp3 = at::vec::clamp_min(tmp2, decltype(tmp2)(0));
                    auto tmp4 = static_cast<float>(2.0);
                    auto tmp5 = at::vec::Vectorized<float>(tmp4);
                    auto tmp6 = tmp3 * tmp5;
                    tmp6.store(out_ptr0 + static_cast<int64_t>(x0), static_cast<int64_t>(3LL));
                }
            }
        }
    }
}

== case 4: f, n=1048576 ==
/Users/wchiu/Documents/GitHub/gmc-ithome/.venv/lib/python3.12/site-packages/torch/_dynamo/pgo.py:525: UserWarning: dynamo_pgo force disabled by torch._inductor.config.force_disable_caches
  warn_once(

#include <torch/csrc/inductor/cpp_prefix.h>
extern "C"  void kernel(const float* in_ptr0,
                       const float* in_ptr1,
                       float* out_ptr0)
{
    #pragma omp parallel num_threads(8)
    {
        int tid = omp_get_thread_num();
        {
            #pragma omp for
            for(int64_t x0=static_cast<int64_t>(0LL); x0<static_cast<int64_t>(1048576LL); x0+=static_cast<int64_t>(4LL))
            {
                {
                    if(C10_LIKELY(x0 >= static_cast<int64_t>(0) && x0 < static_cast<int64_t>(1048576LL)))
                    {
                        auto tmp0 = at::vec::Vectorized<float>::loadu(in_ptr0 + static_cast<int64_t>(x0), static_cast<int64_t>(4));
                        auto tmp1 = at::vec::Vectorized<float>::loadu(in_ptr1 + static_cast<int64_t>(x0), static_cast<int64_t>(4));
                        auto tmp2 = tmp0 + tmp1;
                        auto tmp3 = at::vec::clamp_min(tmp2, decltype(tmp2)(0));
                        auto tmp4 = static_cast<float>(2.0);
                        auto tmp5 = at::vec::Vectorized<float>(tmp4);
                        auto tmp6 = tmp3 * tmp5;
                        tmp6.store(out_ptr0 + static_cast<int64_t>(x0));
                    }
                }
            }
        }
    }
}

== case 5: omp threshold ==
/Users/wchiu/Documents/GitHub/gmc-ithome/.venv/lib/python3.12/site-packages/torch/_dynamo/pgo.py:525: UserWarning: dynamo_pgo force disabled by torch._inductor.config.force_disable_caches
  warn_once(
n=16384: single thread
/Users/wchiu/Documents/GitHub/gmc-ithome/.venv/lib/python3.12/site-packages/torch/_dynamo/pgo.py:525: UserWarning: dynamo_pgo force disabled by torch._inductor.config.force_disable_caches
  warn_once(
n=32768: omp parallel
== case 6: sq_sum, n=1048576 ==
/Users/wchiu/Documents/GitHub/gmc-ithome/.venv/lib/python3.12/site-packages/torch/_dynamo/pgo.py:525: UserWarning: dynamo_pgo force disabled by torch._inductor.config.force_disable_caches
  warn_once(

#include <torch/csrc/inductor/cpp_prefix.h>
extern "C"  void kernel(const float* in_ptr0,
                       float* out_ptr0)
{
    {
        {
            float tmp_acc0 = 0;
            at::vec::Vectorized<float> tmp_acc0_vec = at::vec::Vectorized<float>(0);
            at::vec::Vectorized<float> tmp_acc0_vec_arr[8];
            for (int i = 0; i < 8; i++)
            {
                tmp_acc0_vec_arr[i] = at::vec::Vectorized<float>(0);
            }
            float tmp_acc0_arr[8];
            for (int i = 0; i < 8; i++)
            {
                tmp_acc0_arr[i] = 0;
            }
            #pragma omp parallel num_threads(8)
            {
                int tid = omp_get_thread_num();
                at::vec::Vectorized<float> tmp_acc0_vec_local = at::vec::Vectorized<float>(0);
                float tmp_acc0_local = 0;
                #pragma omp for
                for(int64_t x0=static_cast<int64_t>(0LL); x0<static_cast<int64_t>(1048576LL); x0+=static_cast<int64_t>(4LL))
                {
                    {
                        if(C10_LIKELY(x0 >= static_cast<int64_t>(0) && x0 < static_cast<int64_t>(1048576LL)))
                        {
                            auto tmp0 = at::vec::Vectorized<float>::loadu(in_ptr0 + static_cast<int64_t>(x0), static_cast<int64_t>(4));
                            auto tmp1 = tmp0 * tmp0;
                            tmp_acc0_vec_local = tmp_acc0_vec_local + tmp1;
                        }
                    }
                }
                tmp_acc0_vec_arr[tid] = tmp_acc0_vec_local;
                tmp_acc0_arr[tid] = tmp_acc0_local;
            }
            for (int tid = 0; tid < 8; tid++)
            {
                tmp_acc0_vec = tmp_acc0_vec + tmp_acc0_vec_arr[tid];
            }
            for (int tid = 0; tid < 8; tid++)
            {
                tmp_acc0 = tmp_acc0 + tmp_acc0_arr[tid];
            }
            tmp_acc0 = tmp_acc0 + at::vec::vec_reduce_all<float, 1>([](at::vec::Vectorized<float>& x, at::vec::Vectorized<float>& y) { return x + y; }, tmp_acc0_vec);
            out_ptr0[static_cast<int64_t>(0LL)] = static_cast<float>(tmp_acc0);
        }
    }
}

== case 7: compile & cache ==
/Users/wchiu/Documents/GitHub/gmc-ithome/.venv/lib/python3.12/site-packages/torch/_dynamo/pgo.py:525: UserWarning: dynamo_pgo force disabled by torch._inductor.config.force_disable_caches
  warn_once(
compile cmd: clang++ /var/folders/43/_mrt54md7w92w47sjfsyln2w0000gp/T/torchinductor_day22_3jfd5m74/tmph3ojdux3/k3/ck3n4ozn6trqjfauojnimwmomwsewmeugt7h5iziqgwkaoo4ve37.main.cpp -D TORCH_INDUCTOR_CPP_WRAPPER -D STANDALONE_TORCH_HEADER -D  C10_USING_CUSTOM_GENERATED_MACROS -D CPU_CAPABILITY_NEON -D AT_BUILD_ARM_VEC256_WITH_SLEEF  -shared -fPIC -undefined dynamic_lookup -O3 -DNDEBUG -fno-trapping-math -funsafe-math-optimizations -ffinite-math-only -fno-signed-zeros -fno-math-errno -fno-finite-math-only -fno-unsafe-math-optimizations -ffp-contract=off -Wall -std=c++17 -Wno-unused-variable -Wno-unknown-pragmas -Werror=ignored-optimization-argument -Xclang -fopenmp  -include /var/folders/43/_mrt54md7w92w47sjfsyln2w0000gp/T/torchinductor_wchiu/precompiled_headers/cxygwv6jd4erjaeiegubi7huaiy2nvvx3s2vd2uiemqphzyivwkc.h -I/Users/wchiu/.local/share/uv/python/cpython-3.12.11-macos-aarch64-none/include/python3.12 -I/Users/wchiu/Documents/GitHub/gmc-ithome/.venv/lib/python3.12/site-packages/torch/include -I/Users/wchiu/Documents/GitHub/gmc-ithome/.venv/lib/python3.12/site-packages/torch/include/torch/csrc/api/include -I/opt/homebrew/opt/libomp/include   -D_GLIBCXX_USE_CXX11_ABI=1  -o /var/folders/43/_mrt54md7w92w47sjfsyln2w0000gp/T/torchinductor_day22_3jfd5m74/tmph3ojdux3/k3/ck3n4ozn6trqjfauojnimwmomwsewmeugt7h5iziqgwkaoo4ve37.main.so  -lomp  -L/Users/wchiu/.local/share/uv/python/cpython-3.12.11-macos-aarch64-none/lib -L/Users/wchiu/Documents/GitHub/gmc-ithome/.venv/lib/python3.12/site-packages/torch/lib -L/opt/homebrew/opt/libomp/lib 
tmp1rwd0uq3/gj/cgjlhzjbt5cdf4mdijvosjp2nbk4yfehr5b7wesiwupvlgwpzqtp.main.cpp
tmp1rwd0uq3/gj/cgjlhzjbt5cdf4mdijvosjp2nbk4yfehr5b7wesiwupvlgwpzqtp.main.so
tmp1rwd0uq3/u2/cu2bxgmpdojl5mjlajqrz467ziycha44hy7e4y66aag2kguh4dou.py
tmp_jj9usc5/jx/cjxjt7y5bncg5devsyw6nmsv2vqlovvstigxhozu5rnadms6zapm.main.cpp
tmp_jj9usc5/jx/cjxjt7y5bncg5devsyw6nmsv2vqlovvstigxhozu5rnadms6zapm.main.so
tmp_jj9usc5/sj/csjayvepvhgyfrg4xsgwmdetbaij3h3we326zwpayf3pp7ayvoqc.py
tmpg8_ozdpw/2t/c2tbwx5ojpn2gqe55hay5ikakez2olqqvu227au6c4ainq647rms.py
tmpg8_ozdpw/ie/cieuhir2hxyvmrfywmk4ial5mzljtdyj3yx6npd45rpo6lnhmhpf.main.cpp
tmpg8_ozdpw/ie/cieuhir2hxyvmrfywmk4ial5mzljtdyj3yx6npd45rpo6lnhmhpf.main.so
tmph3ojdux3/k3/ck3n4ozn6trqjfauojnimwmomwsewmeugt7h5iziqgwkaoo4ve37.main.cpp
tmph3ojdux3/k3/ck3n4ozn6trqjfauojnimwmomwsewmeugt7h5iziqgwkaoo4ve37.main.so
tmph3ojdux3/tr/ctrbwhioikbiecryoom4mrpsph4sx5z54ymrtvw63iht446jtbgy.py
tmpl_uu8zok/f2/cf2f6ofwlkarvjmh5u42qmikv5r76n7ioqxgh6prowjybszahhmu.py
tmpl_uu8zok/uu/cuuaasmzcrwf2tl2sfuhqzpvccuecqekzn3tpm52jn6e4ckyisdw.main.cpp
tmpl_uu8zok/uu/cuuaasmzcrwf2tl2sfuhqzpvccuecqekzn3tpm52jn6e4ckyisdw.main.so
tmprphhos8q/7d/c7ddxemznxhhtau3udqihvm5o3h4o6e4hpjkj7y64bb3j2dl4p6x.py
tmprphhos8q/ta/cta6pk6ywzd45jwjzl45bbxn7xgus2mismhn3pdpvuhunnib6cgy.main.cpp
tmprphhos8q/ta/cta6pk6ywzd45jwjzl45bbxn7xgus2mismhn3pdpvuhunnib6cgy.main.so
tmpu1qrj9is/7r/c7rixnmjw62ak4irqi2uzmftrkg64xa3pm5g7f32w2ith2nqabdo.main.cpp
tmpu1qrj9is/7r/c7rixnmjw62ak4irqi2uzmftrkg64xa3pm5g7f32w2ith2nqabdo.main.so
tmpu1qrj9is/w6/cw64ug7go4fby5dwblwg2zifmcgsr3shy254czjavmrabst7zrd5.py
tmpvfvz0o0u/dq/cdqdltvbalg3t3on3nulfqdrac4xhwkkplet7ypqfruiazm33qkc.cpp
tmpvfvz0o0u/dq/cdqdltvbalg3t3on3nulfqdrac4xhwkkplet7ypqfruiazm33qkc.so
tmpvfvz0o0u/k3/ck3n4ozn6trqjfauojnimwmomwsewmeugt7h5iziqgwkaoo4ve37.main.cpp
tmpvfvz0o0u/k3/ck3n4ozn6trqjfauojnimwmomwsewmeugt7h5iziqgwkaoo4ve37.main.so
tmpvfvz0o0u/lg/clggxa4bmcuu3jyvrfnx6zwjchkdtggp6oc3v246tnkf4oodvwr5.py
