✓ Initialized. View run at 
https://modal.com/apps/guan404ming/main/ap-kz6bYWJChDJ3qrhcEYdCs7
✓ Created objects.
├── 🔨 Created mount 
│   /Users/wesley/Documents/GitHub/gmc-ithome/code/day15/partitioner.py
└── 🔨 Created function run.
torch 2.8.0+cu128
=== joint graph then partitioned fw/bw ===
I0820 05:19:53.902000 7 site-packages/torch/_functorch/_aot_autograd/jit_compile_runtime_wrappers.py:1270] [0/0] [__aot_joint_graph] TRACED GRAPH
I0820 05:19:53.902000 7 site-packages/torch/_functorch/_aot_autograd/jit_compile_runtime_wrappers.py:1270] [0/0] [__aot_joint_graph]  ===== Joint graph 0 =====
I0820 05:19:53.902000 7 site-packages/torch/_functorch/_aot_autograd/jit_compile_runtime_wrappers.py:1270] [0/0] [__aot_joint_graph]  /usr/local/lib/python3.12/site-packages/torch/fx/_lazy_graph_module.py class joint_helper(torch.nn.Module):
I0820 05:19:53.902000 7 site-packages/torch/_functorch/_aot_autograd/jit_compile_runtime_wrappers.py:1270] [0/0] [__aot_joint_graph]     def forward(self, primals, tangents):
I0820 05:19:53.902000 7 site-packages/torch/_functorch/_aot_autograd/jit_compile_runtime_wrappers.py:1270] [0/0] [__aot_joint_graph]         primals_1: "f32[64, 64][64, 1]cuda:0"; primals_2: "f32[64, 64][64, 1]cuda:0"; tangents_1: "f32[][]cuda:0"; 
I0820 05:19:53.902000 7 site-packages/torch/_functorch/_aot_autograd/jit_compile_runtime_wrappers.py:1270] [0/0] [__aot_joint_graph]     
I0820 05:19:53.902000 7 site-packages/torch/_functorch/_aot_autograd/jit_compile_runtime_wrappers.py:1270] [0/0] [__aot_joint_graph]         primals_1, primals_2, tangents_1, = fx_pytree.tree_flatten_spec([primals, tangents], self._in_spec)
I0820 05:19:53.902000 7 site-packages/torch/_functorch/_aot_autograd/jit_compile_runtime_wrappers.py:1270] [0/0] [__aot_joint_graph]          # File: /root/partitioner.py:14 in f, code: return torch.tanh(x @ w).sum()
I0820 05:19:53.902000 7 site-packages/torch/_functorch/_aot_autograd/jit_compile_runtime_wrappers.py:1270] [0/0] [__aot_joint_graph]         mm: "f32[64, 64][64, 1]cuda:0" = torch.ops.aten.mm.default(primals_1, primals_2);  primals_2 = None
I0820 05:19:53.902000 7 site-packages/torch/_functorch/_aot_autograd/jit_compile_runtime_wrappers.py:1270] [0/0] [__aot_joint_graph]         tanh: "f32[64, 64][64, 1]cuda:0" = torch.ops.aten.tanh.default(mm);  mm = None
I0820 05:19:53.902000 7 site-packages/torch/_functorch/_aot_autograd/jit_compile_runtime_wrappers.py:1270] [0/0] [__aot_joint_graph]         alias: "f32[64, 64][64, 1]cuda:0" = torch.ops.aten.alias.default(tanh)
I0820 05:19:53.902000 7 site-packages/torch/_functorch/_aot_autograd/jit_compile_runtime_wrappers.py:1270] [0/0] [__aot_joint_graph]         alias_1: "f32[64, 64][64, 1]cuda:0" = torch.ops.aten.alias.default(alias);  alias = None
I0820 05:19:53.902000 7 site-packages/torch/_functorch/_aot_autograd/jit_compile_runtime_wrappers.py:1270] [0/0] [__aot_joint_graph]         sum_1: "f32[][]cuda:0" = torch.ops.aten.sum.default(tanh);  tanh = None
I0820 05:19:53.902000 7 site-packages/torch/_functorch/_aot_autograd/jit_compile_runtime_wrappers.py:1270] [0/0] [__aot_joint_graph]         expand: "f32[64, 64][0, 0]cuda:0" = torch.ops.aten.expand.default(tangents_1, [64, 64]);  tangents_1 = None
I0820 05:19:53.902000 7 site-packages/torch/_functorch/_aot_autograd/jit_compile_runtime_wrappers.py:1270] [0/0] [__aot_joint_graph]         alias_2: "f32[64, 64][64, 1]cuda:0" = torch.ops.aten.alias.default(alias_1);  alias_1 = None
I0820 05:19:53.902000 7 site-packages/torch/_functorch/_aot_autograd/jit_compile_runtime_wrappers.py:1270] [0/0] [__aot_joint_graph]         alias_3: "f32[64, 64][64, 1]cuda:0" = torch.ops.aten.alias.default(alias_2);  alias_2 = None
I0820 05:19:53.902000 7 site-packages/torch/_functorch/_aot_autograd/jit_compile_runtime_wrappers.py:1270] [0/0] [__aot_joint_graph]         mul: "f32[64, 64][64, 1]cuda:0" = torch.ops.aten.mul.Tensor(alias_3, alias_3);  alias_3 = None
I0820 05:19:53.902000 7 site-packages/torch/_functorch/_aot_autograd/jit_compile_runtime_wrappers.py:1270] [0/0] [__aot_joint_graph]         sub: "f32[64, 64][64, 1]cuda:0" = torch.ops.aten.sub.Tensor(1, mul);  mul = None
I0820 05:19:53.902000 7 site-packages/torch/_functorch/_aot_autograd/jit_compile_runtime_wrappers.py:1270] [0/0] [__aot_joint_graph]         mul_1: "f32[64, 64][64, 1]cuda:0" = torch.ops.aten.mul.Tensor(expand, sub);  expand = sub = None
I0820 05:19:53.902000 7 site-packages/torch/_functorch/_aot_autograd/jit_compile_runtime_wrappers.py:1270] [0/0] [__aot_joint_graph]         permute: "f32[64, 64][1, 64]cuda:0" = torch.ops.aten.permute.default(primals_1, [1, 0]);  primals_1 = None
I0820 05:19:53.902000 7 site-packages/torch/_functorch/_aot_autograd/jit_compile_runtime_wrappers.py:1270] [0/0] [__aot_joint_graph]         mm_1: "f32[64, 64][64, 1]cuda:0" = torch.ops.aten.mm.default(permute, mul_1);  permute = mul_1 = None
I0820 05:19:53.902000 7 site-packages/torch/_functorch/_aot_autograd/jit_compile_runtime_wrappers.py:1270] [0/0] [__aot_joint_graph]         return pytree.tree_unflatten([sum_1, None, mm_1], self._out_spec)
I0820 05:19:53.902000 7 site-packages/torch/_functorch/_aot_autograd/jit_compile_runtime_wrappers.py:1270] [0/0] [__aot_joint_graph]         
I0820 05:19:53.902000 7 site-packages/torch/_functorch/_aot_autograd/jit_compile_runtime_wrappers.py:1270] [0/0] [__aot_joint_graph] 
I0820 05:19:54.094000 7 site-packages/torch/_functorch/_aot_autograd/jit_compile_runtime_wrappers.py:1402] [0/0] [__aot_graphs] aot_config id: 0, fw_metadata=ViewAndMutationMeta(input_info=[InputAliasInfo(is_leaf=True, mutates_data=False, mutates_metadata=False, mutations_hidden_from_autograd=True, mutations_under_no_grad_or_inference_mode=False, mutation_inductor_storage_resize=False, mutates_storage_metadata=False, requires_grad=False, keep_input_mutations=True), InputAliasInfo(is_leaf=True, mutates_data=False, mutates_metadata=False, mutations_hidden_from_autograd=True, mutations_under_no_grad_or_inference_mode=False, mutation_inductor_storage_resize=False, mutates_storage_metadata=False, requires_grad=True, keep_input_mutations=True)], output_info=[OutputAliasInfo(output_type=<OutputType.non_alias: 1>, raw_type=<class 'torch._subclasses.functional_tensor.FunctionalTensor'>, base_idx=None, dynamic_dims=set(), requires_grad=True, functional_tensor=None)], num_intermediate_bases=0, keep_input_mutations=True, traced_tangents=[FakeTensor(..., device='cuda:0', size=())], subclass_inp_meta=[PlainTensorMeta(unwrapped_idx=0, memory_format=None), PlainTensorMeta(unwrapped_idx=1, memory_format=None)], subclass_fw_graph_out_meta=[PlainTensorMeta(unwrapped_idx=0, memory_format=None)], subclass_tangent_meta=[PlainTensorMeta(unwrapped_idx=0, memory_format=MemoryFormatMeta(size=None, stride=None, memory_format=torch.contiguous_format))], is_train=True, traced_tangent_metas=None, num_symints_saved_for_bw=0, grad_enabled_mutation=None, deterministic=False, static_input_indices=[], tokens={}, indices_of_inputs_that_requires_grad_with_mutations_in_bw=[], bw_donated_idxs=[0], num_backward_tokens=0, num_graphsafe_rng_states=0, graphsafe_rng_state_index=None), inner_meta=ViewAndMutationMeta(input_info=[InputAliasInfo(is_leaf=True, mutates_data=False, mutates_metadata=False, mutations_hidden_from_autograd=True, mutations_under_no_grad_or_inference_mode=False, mutation_inductor_storage_resize=False, mutates_storage_metadata=False, requires_grad=False, keep_input_mutations=True), InputAliasInfo(is_leaf=True, mutates_data=False, mutates_metadata=False, mutations_hidden_from_autograd=True, mutations_under_no_grad_or_inference_mode=False, mutation_inductor_storage_resize=False, mutates_storage_metadata=False, requires_grad=True, keep_input_mutations=True)], output_info=[OutputAliasInfo(output_type=<OutputType.non_alias: 1>, raw_type=<class 'torch._subclasses.functional_tensor.FunctionalTensor'>, base_idx=None, dynamic_dims=set(), requires_grad=True, functional_tensor=None)], num_intermediate_bases=0, keep_input_mutations=True, traced_tangents=[FakeTensor(..., device='cuda:0', size=())], subclass_inp_meta=[PlainTensorMeta(unwrapped_idx=0, memory_format=None), PlainTensorMeta(unwrapped_idx=1, memory_format=None)], subclass_fw_graph_out_meta=[PlainTensorMeta(unwrapped_idx=0, memory_format=None)], subclass_tangent_meta=[PlainTensorMeta(unwrapped_idx=0, memory_format=MemoryFormatMeta(size=None, stride=None, memory_format=torch.contiguous_format))], is_train=True, traced_tangent_metas=None, num_symints_saved_for_bw=0, grad_enabled_mutation=None, deterministic=False, static_input_indices=[], tokens={}, indices_of_inputs_that_requires_grad_with_mutations_in_bw=[], bw_donated_idxs=[0], num_backward_tokens=0, num_graphsafe_rng_states=0, graphsafe_rng_state_index=None)
I0820 05:19:54.095000 7 site-packages/torch/_functorch/_aot_autograd/jit_compile_runtime_wrappers.py:1508] [0/0] [__aot_graphs] TRACED GRAPH
I0820 05:19:54.095000 7 site-packages/torch/_functorch/_aot_autograd/jit_compile_runtime_wrappers.py:1508] [0/0] [__aot_graphs]  ===== Forward graph 0 =====
I0820 05:19:54.095000 7 site-packages/torch/_functorch/_aot_autograd/jit_compile_runtime_wrappers.py:1508] [0/0] [__aot_graphs]  /usr/local/lib/python3.12/site-packages/torch/fx/_lazy_graph_module.py class GraphModule(torch.nn.Module):
I0820 05:19:54.095000 7 site-packages/torch/_functorch/_aot_autograd/jit_compile_runtime_wrappers.py:1508] [0/0] [__aot_graphs]     def forward(self, primals_1: "f32[64, 64][64, 1]cuda:0", primals_2: "f32[64, 64][64, 1]cuda:0"):
I0820 05:19:54.095000 7 site-packages/torch/_functorch/_aot_autograd/jit_compile_runtime_wrappers.py:1508] [0/0] [__aot_graphs]          # File: /root/partitioner.py:14 in f, code: return torch.tanh(x @ w).sum()
I0820 05:19:54.095000 7 site-packages/torch/_functorch/_aot_autograd/jit_compile_runtime_wrappers.py:1508] [0/0] [__aot_graphs]         mm: "f32[64, 64][64, 1]cuda:0" = torch.ops.aten.mm.default(primals_1, primals_2);  primals_2 = None
I0820 05:19:54.095000 7 site-packages/torch/_functorch/_aot_autograd/jit_compile_runtime_wrappers.py:1508] [0/0] [__aot_graphs]         tanh: "f32[64, 64][64, 1]cuda:0" = torch.ops.aten.tanh.default(mm)
I0820 05:19:54.095000 7 site-packages/torch/_functorch/_aot_autograd/jit_compile_runtime_wrappers.py:1508] [0/0] [__aot_graphs]         sum_1: "f32[][]cuda:0" = torch.ops.aten.sum.default(tanh);  tanh = None
I0820 05:19:54.095000 7 site-packages/torch/_functorch/_aot_autograd/jit_compile_runtime_wrappers.py:1508] [0/0] [__aot_graphs]         permute: "f32[64, 64][1, 64]cuda:0" = torch.ops.aten.permute.default(primals_1, [1, 0]);  primals_1 = None
I0820 05:19:54.095000 7 site-packages/torch/_functorch/_aot_autograd/jit_compile_runtime_wrappers.py:1508] [0/0] [__aot_graphs]         return (sum_1, mm, permute)
I0820 05:19:54.095000 7 site-packages/torch/_functorch/_aot_autograd/jit_compile_runtime_wrappers.py:1508] [0/0] [__aot_graphs]         
I0820 05:19:54.095000 7 site-packages/torch/_functorch/_aot_autograd/jit_compile_runtime_wrappers.py:1508] [0/0] [__aot_graphs] 
I0820 05:19:54.095000 7 site-packages/torch/_functorch/_aot_autograd/jit_compile_runtime_wrappers.py:1519] [0/0] [__aot_graphs] TRACED GRAPH
I0820 05:19:54.095000 7 site-packages/torch/_functorch/_aot_autograd/jit_compile_runtime_wrappers.py:1519] [0/0] [__aot_graphs]  ===== Backward graph 0 =====
I0820 05:19:54.095000 7 site-packages/torch/_functorch/_aot_autograd/jit_compile_runtime_wrappers.py:1519] [0/0] [__aot_graphs]  <eval_with_key>.4 class GraphModule(torch.nn.Module):
I0820 05:19:54.095000 7 site-packages/torch/_functorch/_aot_autograd/jit_compile_runtime_wrappers.py:1519] [0/0] [__aot_graphs]     def forward(self, mm: "f32[64, 64][64, 1]cuda:0", permute: "f32[64, 64][1, 64]cuda:0", tangents_1: "f32[][]cuda:0"):
I0820 05:19:54.095000 7 site-packages/torch/_functorch/_aot_autograd/jit_compile_runtime_wrappers.py:1519] [0/0] [__aot_graphs]          # File: /root/partitioner.py:14 in f, code: return torch.tanh(x @ w).sum()
I0820 05:19:54.095000 7 site-packages/torch/_functorch/_aot_autograd/jit_compile_runtime_wrappers.py:1519] [0/0] [__aot_graphs]         expand: "f32[64, 64][0, 0]cuda:0" = torch.ops.aten.expand.default(tangents_1, [64, 64]);  tangents_1 = None
I0820 05:19:54.095000 7 site-packages/torch/_functorch/_aot_autograd/jit_compile_runtime_wrappers.py:1519] [0/0] [__aot_graphs]         tanh: "f32[64, 64][64, 1]cuda:0" = torch.ops.aten.tanh.default(mm);  mm = None
I0820 05:19:54.095000 7 site-packages/torch/_functorch/_aot_autograd/jit_compile_runtime_wrappers.py:1519] [0/0] [__aot_graphs]         mul: "f32[64, 64][64, 1]cuda:0" = torch.ops.aten.mul.Tensor(tanh, tanh);  tanh = None
I0820 05:19:54.095000 7 site-packages/torch/_functorch/_aot_autograd/jit_compile_runtime_wrappers.py:1519] [0/0] [__aot_graphs]         sub: "f32[64, 64][64, 1]cuda:0" = torch.ops.aten.sub.Tensor(1, mul);  mul = None
I0820 05:19:54.095000 7 site-packages/torch/_functorch/_aot_autograd/jit_compile_runtime_wrappers.py:1519] [0/0] [__aot_graphs]         mul_1: "f32[64, 64][64, 1]cuda:0" = torch.ops.aten.mul.Tensor(expand, sub);  expand = sub = None
I0820 05:19:54.095000 7 site-packages/torch/_functorch/_aot_autograd/jit_compile_runtime_wrappers.py:1519] [0/0] [__aot_graphs]         mm_1: "f32[64, 64][64, 1]cuda:0" = torch.ops.aten.mm.default(permute, mul_1);  permute = mul_1 = None
I0820 05:19:54.095000 7 site-packages/torch/_functorch/_aot_autograd/jit_compile_runtime_wrappers.py:1519] [0/0] [__aot_graphs]         return (None, mm_1)
I0820 05:19:54.095000 7 site-packages/torch/_functorch/_aot_autograd/jit_compile_runtime_wrappers.py:1519] [0/0] [__aot_graphs]         
I0820 05:19:54.095000 7 site-packages/torch/_functorch/_aot_autograd/jit_compile_runtime_wrappers.py:1519] [0/0] [__aot_graphs] 
/usr/local/lib/python3.12/site-packages/torch/_inductor/compile_fx.py:282: UserWarning: TensorFloat32 tensor cores for float32 matrix multiplication available but not enabled. Consider setting `torch.set_float32_matmul_precision('high')` for better performance.
  warnings.warn(

=== recompute (activation checkpoint style) ===
I0820 05:19:55.270000 7 site-packages/torch/_functorch/_aot_autograd/jit_compile_runtime_wrappers.py:1402] [0/0] [__aot_graphs] aot_config id: 1, fw_metadata=ViewAndMutationMeta(input_info=[InputAliasInfo(is_leaf=True, mutates_data=False, mutates_metadata=False, mutations_hidden_from_autograd=True, mutations_under_no_grad_or_inference_mode=False, mutation_inductor_storage_resize=False, mutates_storage_metadata=False, requires_grad=False, keep_input_mutations=True), InputAliasInfo(is_leaf=True, mutates_data=False, mutates_metadata=False, mutations_hidden_from_autograd=True, mutations_under_no_grad_or_inference_mode=False, mutation_inductor_storage_resize=False, mutates_storage_metadata=False, requires_grad=True, keep_input_mutations=True)], output_info=[OutputAliasInfo(output_type=<OutputType.non_alias: 1>, raw_type=<class 'torch._subclasses.functional_tensor.FunctionalTensor'>, base_idx=None, dynamic_dims=set(), requires_grad=True, functional_tensor=None)], num_intermediate_bases=0, keep_input_mutations=True, traced_tangents=[FakeTensor(..., device='cuda:0', size=())], subclass_inp_meta=[PlainTensorMeta(unwrapped_idx=0, memory_format=None), PlainTensorMeta(unwrapped_idx=1, memory_format=None)], subclass_fw_graph_out_meta=[PlainTensorMeta(unwrapped_idx=0, memory_format=None)], subclass_tangent_meta=[PlainTensorMeta(unwrapped_idx=0, memory_format=MemoryFormatMeta(size=None, stride=None, memory_format=torch.contiguous_format))], is_train=True, traced_tangent_metas=None, num_symints_saved_for_bw=0, grad_enabled_mutation=None, deterministic=False, static_input_indices=[], tokens={}, indices_of_inputs_that_requires_grad_with_mutations_in_bw=[], bw_donated_idxs=[], num_backward_tokens=0, num_graphsafe_rng_states=0, graphsafe_rng_state_index=None), inner_meta=ViewAndMutationMeta(input_info=[InputAliasInfo(is_leaf=True, mutates_data=False, mutates_metadata=False, mutations_hidden_from_autograd=True, mutations_under_no_grad_or_inference_mode=False, mutation_inductor_storage_resize=False, mutates_storage_metadata=False, requires_grad=False, keep_input_mutations=True), InputAliasInfo(is_leaf=True, mutates_data=False, mutates_metadata=False, mutations_hidden_from_autograd=True, mutations_under_no_grad_or_inference_mode=False, mutation_inductor_storage_resize=False, mutates_storage_metadata=False, requires_grad=True, keep_input_mutations=True)], output_info=[OutputAliasInfo(output_type=<OutputType.non_alias: 1>, raw_type=<class 'torch._subclasses.functional_tensor.FunctionalTensor'>, base_idx=None, dynamic_dims=set(), requires_grad=True, functional_tensor=None)], num_intermediate_bases=0, keep_input_mutations=True, traced_tangents=[FakeTensor(..., device='cuda:0', size=())], subclass_inp_meta=[PlainTensorMeta(unwrapped_idx=0, memory_format=None), PlainTensorMeta(unwrapped_idx=1, memory_format=None)], subclass_fw_graph_out_meta=[PlainTensorMeta(unwrapped_idx=0, memory_format=None)], subclass_tangent_meta=[PlainTensorMeta(unwrapped_idx=0, memory_format=MemoryFormatMeta(size=None, stride=None, memory_format=torch.contiguous_format))], is_train=True, traced_tangent_metas=None, num_symints_saved_for_bw=0, grad_enabled_mutation=None, deterministic=False, static_input_indices=[], tokens={}, indices_of_inputs_that_requires_grad_with_mutations_in_bw=[], bw_donated_idxs=[], num_backward_tokens=0, num_graphsafe_rng_states=0, graphsafe_rng_state_index=None)
I0820 05:19:55.270000 7 site-packages/torch/_functorch/_aot_autograd/jit_compile_runtime_wrappers.py:1508] [0/0] [__aot_graphs] TRACED GRAPH
I0820 05:19:55.270000 7 site-packages/torch/_functorch/_aot_autograd/jit_compile_runtime_wrappers.py:1508] [0/0] [__aot_graphs]  ===== Forward graph 1 =====
I0820 05:19:55.270000 7 site-packages/torch/_functorch/_aot_autograd/jit_compile_runtime_wrappers.py:1508] [0/0] [__aot_graphs]  /usr/local/lib/python3.12/site-packages/torch/fx/_lazy_graph_module.py class GraphModule(torch.nn.Module):
I0820 05:19:55.270000 7 site-packages/torch/_functorch/_aot_autograd/jit_compile_runtime_wrappers.py:1508] [0/0] [__aot_graphs]     def forward(self, primals_1: "f32[64, 64][64, 1]cuda:0", primals_2: "f32[64, 64][64, 1]cuda:0"):
I0820 05:19:55.270000 7 site-packages/torch/_functorch/_aot_autograd/jit_compile_runtime_wrappers.py:1508] [0/0] [__aot_graphs]          # File: /root/partitioner.py:30 in <lambda>, code: return cp.checkpoint(lambda a: torch.tanh(a @ w).sum(), x, use_reentrant=False)
I0820 05:19:55.270000 7 site-packages/torch/_functorch/_aot_autograd/jit_compile_runtime_wrappers.py:1508] [0/0] [__aot_graphs]         mm: "f32[64, 64][64, 1]cuda:0" = torch.ops.aten.mm.default(primals_1, primals_2)
I0820 05:19:55.270000 7 site-packages/torch/_functorch/_aot_autograd/jit_compile_runtime_wrappers.py:1508] [0/0] [__aot_graphs]         tanh: "f32[64, 64][64, 1]cuda:0" = torch.ops.aten.tanh.default(mm);  mm = None
I0820 05:19:55.270000 7 site-packages/torch/_functorch/_aot_autograd/jit_compile_runtime_wrappers.py:1508] [0/0] [__aot_graphs]         sum_1: "f32[][]cuda:0" = torch.ops.aten.sum.default(tanh);  tanh = None
I0820 05:19:55.270000 7 site-packages/torch/_functorch/_aot_autograd/jit_compile_runtime_wrappers.py:1508] [0/0] [__aot_graphs]         return (sum_1, primals_1, primals_2)
I0820 05:19:55.270000 7 site-packages/torch/_functorch/_aot_autograd/jit_compile_runtime_wrappers.py:1508] [0/0] [__aot_graphs]         
I0820 05:19:55.270000 7 site-packages/torch/_functorch/_aot_autograd/jit_compile_runtime_wrappers.py:1508] [0/0] [__aot_graphs] 
I0820 05:19:55.271000 7 site-packages/torch/_functorch/_aot_autograd/jit_compile_runtime_wrappers.py:1519] [0/0] [__aot_graphs] TRACED GRAPH
I0820 05:19:55.271000 7 site-packages/torch/_functorch/_aot_autograd/jit_compile_runtime_wrappers.py:1519] [0/0] [__aot_graphs]  ===== Backward graph 1 =====
I0820 05:19:55.271000 7 site-packages/torch/_functorch/_aot_autograd/jit_compile_runtime_wrappers.py:1519] [0/0] [__aot_graphs]  <eval_with_key>.18 class GraphModule(torch.nn.Module):
I0820 05:19:55.271000 7 site-packages/torch/_functorch/_aot_autograd/jit_compile_runtime_wrappers.py:1519] [0/0] [__aot_graphs]     def forward(self, primals_1: "f32[64, 64][64, 1]cuda:0", primals_2: "f32[64, 64][64, 1]cuda:0", tangents_1: "f32[][]cuda:0"):
I0820 05:19:55.271000 7 site-packages/torch/_functorch/_aot_autograd/jit_compile_runtime_wrappers.py:1519] [0/0] [__aot_graphs]          # File: /root/partitioner.py:30 in <lambda>, code: return cp.checkpoint(lambda a: torch.tanh(a @ w).sum(), x, use_reentrant=False)
I0820 05:19:55.271000 7 site-packages/torch/_functorch/_aot_autograd/jit_compile_runtime_wrappers.py:1519] [0/0] [__aot_graphs]         expand: "f32[64, 64][0, 0]cuda:0" = torch.ops.aten.expand.default(tangents_1, [64, 64]);  tangents_1 = None
I0820 05:19:55.271000 7 site-packages/torch/_functorch/_aot_autograd/jit_compile_runtime_wrappers.py:1519] [0/0] [__aot_graphs]         mm: "f32[64, 64][64, 1]cuda:0" = torch.ops.aten.mm.default(primals_1, primals_2);  primals_2 = None
I0820 05:19:55.271000 7 site-packages/torch/_functorch/_aot_autograd/jit_compile_runtime_wrappers.py:1519] [0/0] [__aot_graphs]         tanh: "f32[64, 64][64, 1]cuda:0" = torch.ops.aten.tanh.default(mm);  mm = None
I0820 05:19:55.271000 7 site-packages/torch/_functorch/_aot_autograd/jit_compile_runtime_wrappers.py:1519] [0/0] [__aot_graphs]         mul: "f32[64, 64][64, 1]cuda:0" = torch.ops.aten.mul.Tensor(tanh, tanh);  tanh = None
I0820 05:19:55.271000 7 site-packages/torch/_functorch/_aot_autograd/jit_compile_runtime_wrappers.py:1519] [0/0] [__aot_graphs]         sub: "f32[64, 64][64, 1]cuda:0" = torch.ops.aten.sub.Tensor(1, mul);  mul = None
I0820 05:19:55.271000 7 site-packages/torch/_functorch/_aot_autograd/jit_compile_runtime_wrappers.py:1519] [0/0] [__aot_graphs]         mul_1: "f32[64, 64][64, 1]cuda:0" = torch.ops.aten.mul.Tensor(expand, sub);  expand = sub = None
I0820 05:19:55.271000 7 site-packages/torch/_functorch/_aot_autograd/jit_compile_runtime_wrappers.py:1519] [0/0] [__aot_graphs]         permute: "f32[64, 64][1, 64]cuda:0" = torch.ops.aten.permute.default(primals_1, [1, 0]);  primals_1 = None
I0820 05:19:55.271000 7 site-packages/torch/_functorch/_aot_autograd/jit_compile_runtime_wrappers.py:1519] [0/0] [__aot_graphs]         mm_1: "f32[64, 64][64, 1]cuda:0" = torch.ops.aten.mm.default(permute, mul_1);  permute = mul_1 = None
I0820 05:19:55.271000 7 site-packages/torch/_functorch/_aot_autograd/jit_compile_runtime_wrappers.py:1519] [0/0] [__aot_graphs]         return (None, mm_1)
I0820 05:19:55.271000 7 site-packages/torch/_functorch/_aot_autograd/jit_compile_runtime_wrappers.py:1519] [0/0] [__aot_graphs]         
I0820 05:19:55.271000 7 site-packages/torch/_functorch/_aot_autograd/jit_compile_runtime_wrappers.py:1519] [0/0] [__aot_graphs] 
Stopping app - local entrypoint completed.
✓ App completed. View run at 
https://modal.com/apps/guan404ming/main/ap-kz6bYWJChDJ3qrhcEYdCs7
