✓ Initialized. View run at 
https://modal.com/apps/guan404ming/main/ap-wQEJtsjy47qWkpn0mws0Cs
✓ Created objects.
├── 🔨 Created mount 
│   /Users/wesley/Documents/GitHub/gmc-ithome/code/day12/aot_overview.py
└── 🔨 Created function run.
torch 2.8.0+cu128
=== inference: only forward graph ===
V0820 05:20:02.620000 7 site-packages/torch/_functorch/_aot_autograd/dispatch_and_compile_graph.py:123] [0/0] [__aot_graphs] aot_config id: 0, fw_metadata=ViewAndMutationMeta(input_info=[InputAliasInfo(is_leaf=True, mutates_data=False, mutates_metadata=False, mutations_hidden_from_autograd=True, mutations_under_no_grad_or_inference_mode=False, mutation_inductor_storage_resize=False, mutates_storage_metadata=False, requires_grad=False, keep_input_mutations=True), InputAliasInfo(is_leaf=True, mutates_data=False, mutates_metadata=False, mutations_hidden_from_autograd=True, mutations_under_no_grad_or_inference_mode=False, mutation_inductor_storage_resize=False, mutates_storage_metadata=False, requires_grad=True, keep_input_mutations=True)], output_info=[OutputAliasInfo(output_type=<OutputType.non_alias: 1>, raw_type=<class 'torch._subclasses.functional_tensor.FunctionalTensor'>, base_idx=None, dynamic_dims=set(), requires_grad=False, functional_tensor=None)], num_intermediate_bases=0, keep_input_mutations=True, traced_tangents=[], subclass_inp_meta=[PlainTensorMeta(unwrapped_idx=0, memory_format=None), PlainTensorMeta(unwrapped_idx=1, memory_format=None)], subclass_fw_graph_out_meta=[PlainTensorMeta(unwrapped_idx=0, memory_format=None)], subclass_tangent_meta=[], is_train=False, traced_tangent_metas=None, num_symints_saved_for_bw=None, grad_enabled_mutation=None, deterministic=None, static_input_indices=[], tokens={}, indices_of_inputs_that_requires_grad_with_mutations_in_bw=[], bw_donated_idxs=None, num_backward_tokens=0, num_graphsafe_rng_states=0, graphsafe_rng_state_index=None),subclass_metadata=None
I0820 05:20:02.630000 7 site-packages/torch/_functorch/_aot_autograd/dispatch_and_compile_graph.py:202] [0/0] [__aot_graphs] TRACED GRAPH
I0820 05:20:02.630000 7 site-packages/torch/_functorch/_aot_autograd/dispatch_and_compile_graph.py:202] [0/0] [__aot_graphs]  ===== Forward graph 0 =====
I0820 05:20:02.630000 7 site-packages/torch/_functorch/_aot_autograd/dispatch_and_compile_graph.py:202] [0/0] [__aot_graphs]  /usr/local/lib/python3.12/site-packages/torch/fx/_lazy_graph_module.py class <lambda>(torch.nn.Module):
I0820 05:20:02.630000 7 site-packages/torch/_functorch/_aot_autograd/dispatch_and_compile_graph.py:202] [0/0] [__aot_graphs]     def forward(self, arg0_1: "f32[4, 4][4, 1]cuda:0", arg1_1: "f32[4, 4][4, 1]cuda:0"):
I0820 05:20:02.630000 7 site-packages/torch/_functorch/_aot_autograd/dispatch_and_compile_graph.py:202] [0/0] [__aot_graphs]          # File: /root/aot_overview.py:14 in f, code: return (x @ w).relu().sum()
I0820 05:20:02.630000 7 site-packages/torch/_functorch/_aot_autograd/dispatch_and_compile_graph.py:202] [0/0] [__aot_graphs]         mm: "f32[4, 4][4, 1]cuda:0" = torch.ops.aten.mm.default(arg0_1, arg1_1);  arg0_1 = arg1_1 = None
I0820 05:20:02.630000 7 site-packages/torch/_functorch/_aot_autograd/dispatch_and_compile_graph.py:202] [0/0] [__aot_graphs]         relu: "f32[4, 4][4, 1]cuda:0" = torch.ops.aten.relu.default(mm);  mm = None
I0820 05:20:02.630000 7 site-packages/torch/_functorch/_aot_autograd/dispatch_and_compile_graph.py:202] [0/0] [__aot_graphs]         sum_1: "f32[][]cuda:0" = torch.ops.aten.sum.default(relu);  relu = None
I0820 05:20:02.630000 7 site-packages/torch/_functorch/_aot_autograd/dispatch_and_compile_graph.py:202] [0/0] [__aot_graphs]         return (sum_1,)
I0820 05:20:02.630000 7 site-packages/torch/_functorch/_aot_autograd/dispatch_and_compile_graph.py:202] [0/0] [__aot_graphs]         
I0820 05:20:02.630000 7 site-packages/torch/_functorch/_aot_autograd/dispatch_and_compile_graph.py:202] [0/0] [__aot_graphs] 
/usr/local/lib/python3.12/site-packages/torch/_inductor/compile_fx.py:282: UserWarning: TensorFloat32 tensor cores for float32 matrix multiplication available but not enabled. Consider setting `torch.set_float32_matmul_precision('high')` for better performance.
  warnings.warn(

=== training: forward + backward graphs ===
I0820 05:20:03.577000 7 site-packages/torch/_functorch/_aot_autograd/jit_compile_runtime_wrappers.py:1402] [0/0] [__aot_graphs] aot_config id: 1, fw_metadata=ViewAndMutationMeta(input_info=[InputAliasInfo(is_leaf=True, mutates_data=False, mutates_metadata=False, mutations_hidden_from_autograd=True, mutations_under_no_grad_or_inference_mode=False, mutation_inductor_storage_resize=False, mutates_storage_metadata=False, requires_grad=False, keep_input_mutations=True), InputAliasInfo(is_leaf=True, mutates_data=False, mutates_metadata=False, mutations_hidden_from_autograd=True, mutations_under_no_grad_or_inference_mode=False, mutation_inductor_storage_resize=False, mutates_storage_metadata=False, requires_grad=True, keep_input_mutations=True)], output_info=[OutputAliasInfo(output_type=<OutputType.non_alias: 1>, raw_type=<class 'torch._subclasses.functional_tensor.FunctionalTensor'>, base_idx=None, dynamic_dims=set(), requires_grad=True, functional_tensor=None)], num_intermediate_bases=0, keep_input_mutations=True, traced_tangents=[FakeTensor(..., device='cuda:0', size=())], subclass_inp_meta=[PlainTensorMeta(unwrapped_idx=0, memory_format=None), PlainTensorMeta(unwrapped_idx=1, memory_format=None)], subclass_fw_graph_out_meta=[PlainTensorMeta(unwrapped_idx=0, memory_format=None)], subclass_tangent_meta=[PlainTensorMeta(unwrapped_idx=0, memory_format=MemoryFormatMeta(size=None, stride=None, memory_format=torch.contiguous_format))], is_train=True, traced_tangent_metas=None, num_symints_saved_for_bw=0, grad_enabled_mutation=None, deterministic=False, static_input_indices=[], tokens={}, indices_of_inputs_that_requires_grad_with_mutations_in_bw=[], bw_donated_idxs=[0], num_backward_tokens=0, num_graphsafe_rng_states=0, graphsafe_rng_state_index=None), inner_meta=ViewAndMutationMeta(input_info=[InputAliasInfo(is_leaf=True, mutates_data=False, mutates_metadata=False, mutations_hidden_from_autograd=True, mutations_under_no_grad_or_inference_mode=False, mutation_inductor_storage_resize=False, mutates_storage_metadata=False, requires_grad=False, keep_input_mutations=True), InputAliasInfo(is_leaf=True, mutates_data=False, mutates_metadata=False, mutations_hidden_from_autograd=True, mutations_under_no_grad_or_inference_mode=False, mutation_inductor_storage_resize=False, mutates_storage_metadata=False, requires_grad=True, keep_input_mutations=True)], output_info=[OutputAliasInfo(output_type=<OutputType.non_alias: 1>, raw_type=<class 'torch._subclasses.functional_tensor.FunctionalTensor'>, base_idx=None, dynamic_dims=set(), requires_grad=True, functional_tensor=None)], num_intermediate_bases=0, keep_input_mutations=True, traced_tangents=[FakeTensor(..., device='cuda:0', size=())], subclass_inp_meta=[PlainTensorMeta(unwrapped_idx=0, memory_format=None), PlainTensorMeta(unwrapped_idx=1, memory_format=None)], subclass_fw_graph_out_meta=[PlainTensorMeta(unwrapped_idx=0, memory_format=None)], subclass_tangent_meta=[PlainTensorMeta(unwrapped_idx=0, memory_format=MemoryFormatMeta(size=None, stride=None, memory_format=torch.contiguous_format))], is_train=True, traced_tangent_metas=None, num_symints_saved_for_bw=0, grad_enabled_mutation=None, deterministic=False, static_input_indices=[], tokens={}, indices_of_inputs_that_requires_grad_with_mutations_in_bw=[], bw_donated_idxs=[0], num_backward_tokens=0, num_graphsafe_rng_states=0, graphsafe_rng_state_index=None)
I0820 05:20:03.577000 7 site-packages/torch/_functorch/_aot_autograd/jit_compile_runtime_wrappers.py:1508] [0/0] [__aot_graphs] TRACED GRAPH
I0820 05:20:03.577000 7 site-packages/torch/_functorch/_aot_autograd/jit_compile_runtime_wrappers.py:1508] [0/0] [__aot_graphs]  ===== Forward graph 1 =====
I0820 05:20:03.577000 7 site-packages/torch/_functorch/_aot_autograd/jit_compile_runtime_wrappers.py:1508] [0/0] [__aot_graphs]  /usr/local/lib/python3.12/site-packages/torch/fx/_lazy_graph_module.py class GraphModule(torch.nn.Module):
I0820 05:20:03.577000 7 site-packages/torch/_functorch/_aot_autograd/jit_compile_runtime_wrappers.py:1508] [0/0] [__aot_graphs]     def forward(self, primals_1: "f32[4, 4][4, 1]cuda:0", primals_2: "f32[4, 4][4, 1]cuda:0"):
I0820 05:20:03.577000 7 site-packages/torch/_functorch/_aot_autograd/jit_compile_runtime_wrappers.py:1508] [0/0] [__aot_graphs]          # File: /root/aot_overview.py:14 in f, code: return (x @ w).relu().sum()
I0820 05:20:03.577000 7 site-packages/torch/_functorch/_aot_autograd/jit_compile_runtime_wrappers.py:1508] [0/0] [__aot_graphs]         mm: "f32[4, 4][4, 1]cuda:0" = torch.ops.aten.mm.default(primals_1, primals_2);  primals_2 = None
I0820 05:20:03.577000 7 site-packages/torch/_functorch/_aot_autograd/jit_compile_runtime_wrappers.py:1508] [0/0] [__aot_graphs]         relu: "f32[4, 4][4, 1]cuda:0" = torch.ops.aten.relu.default(mm);  mm = None
I0820 05:20:03.577000 7 site-packages/torch/_functorch/_aot_autograd/jit_compile_runtime_wrappers.py:1508] [0/0] [__aot_graphs]         sum_1: "f32[][]cuda:0" = torch.ops.aten.sum.default(relu)
I0820 05:20:03.577000 7 site-packages/torch/_functorch/_aot_autograd/jit_compile_runtime_wrappers.py:1508] [0/0] [__aot_graphs]         le: "b8[4, 4][4, 1]cuda:0" = torch.ops.aten.le.Scalar(relu, 0);  relu = None
I0820 05:20:03.577000 7 site-packages/torch/_functorch/_aot_autograd/jit_compile_runtime_wrappers.py:1508] [0/0] [__aot_graphs]         permute: "f32[4, 4][1, 4]cuda:0" = torch.ops.aten.permute.default(primals_1, [1, 0]);  primals_1 = None
I0820 05:20:03.577000 7 site-packages/torch/_functorch/_aot_autograd/jit_compile_runtime_wrappers.py:1508] [0/0] [__aot_graphs]         return (sum_1, le, permute)
I0820 05:20:03.577000 7 site-packages/torch/_functorch/_aot_autograd/jit_compile_runtime_wrappers.py:1508] [0/0] [__aot_graphs]         
I0820 05:20:03.577000 7 site-packages/torch/_functorch/_aot_autograd/jit_compile_runtime_wrappers.py:1508] [0/0] [__aot_graphs] 
I0820 05:20:03.578000 7 site-packages/torch/_functorch/_aot_autograd/jit_compile_runtime_wrappers.py:1519] [0/0] [__aot_graphs] TRACED GRAPH
I0820 05:20:03.578000 7 site-packages/torch/_functorch/_aot_autograd/jit_compile_runtime_wrappers.py:1519] [0/0] [__aot_graphs]  ===== Backward graph 1 =====
I0820 05:20:03.578000 7 site-packages/torch/_functorch/_aot_autograd/jit_compile_runtime_wrappers.py:1519] [0/0] [__aot_graphs]  <eval_with_key>.9 class GraphModule(torch.nn.Module):
I0820 05:20:03.578000 7 site-packages/torch/_functorch/_aot_autograd/jit_compile_runtime_wrappers.py:1519] [0/0] [__aot_graphs]     def forward(self, le: "b8[4, 4][4, 1]cuda:0", permute: "f32[4, 4][1, 4]cuda:0", tangents_1: "f32[][]cuda:0"):
I0820 05:20:03.578000 7 site-packages/torch/_functorch/_aot_autograd/jit_compile_runtime_wrappers.py:1519] [0/0] [__aot_graphs]          # File: /root/aot_overview.py:14 in f, code: return (x @ w).relu().sum()
I0820 05:20:03.578000 7 site-packages/torch/_functorch/_aot_autograd/jit_compile_runtime_wrappers.py:1519] [0/0] [__aot_graphs]         expand: "f32[4, 4][0, 0]cuda:0" = torch.ops.aten.expand.default(tangents_1, [4, 4]);  tangents_1 = None
I0820 05:20:03.578000 7 site-packages/torch/_functorch/_aot_autograd/jit_compile_runtime_wrappers.py:1519] [0/0] [__aot_graphs]         full_default: "f32[][]cuda:0" = torch.ops.aten.full.default([], 0.0, dtype = torch.float32, layout = torch.strided, device = device(type='cuda', index=0), pin_memory = False)
I0820 05:20:03.578000 7 site-packages/torch/_functorch/_aot_autograd/jit_compile_runtime_wrappers.py:1519] [0/0] [__aot_graphs]         where: "f32[4, 4][4, 1]cuda:0" = torch.ops.aten.where.self(le, full_default, expand);  le = full_default = expand = None
I0820 05:20:03.578000 7 site-packages/torch/_functorch/_aot_autograd/jit_compile_runtime_wrappers.py:1519] [0/0] [__aot_graphs]         mm_1: "f32[4, 4][4, 1]cuda:0" = torch.ops.aten.mm.default(permute, where);  permute = where = None
I0820 05:20:03.578000 7 site-packages/torch/_functorch/_aot_autograd/jit_compile_runtime_wrappers.py:1519] [0/0] [__aot_graphs]         return (None, mm_1)
I0820 05:20:03.578000 7 site-packages/torch/_functorch/_aot_autograd/jit_compile_runtime_wrappers.py:1519] [0/0] [__aot_graphs]         
I0820 05:20:03.578000 7 site-packages/torch/_functorch/_aot_autograd/jit_compile_runtime_wrappers.py:1519] [0/0] [__aot_graphs] 
w.grad shape: torch.Size([4, 4])

=== dynamo graph vs aot graph op names ===
V0820 05:20:03.919000 7 site-packages/torch/_dynamo/output_graph.py:1667] [0/0] [__graph_code] TRACED GRAPH
V0820 05:20:03.919000 7 site-packages/torch/_dynamo/output_graph.py:1667] [0/0] [__graph_code]  ===== __compiled_fn_5_21f0b703_bca5_4500_ba3a_738eab62669d =====
V0820 05:20:03.919000 7 site-packages/torch/_dynamo/output_graph.py:1667] [0/0] [__graph_code]  /usr/local/lib/python3.12/site-packages/torch/fx/_lazy_graph_module.py class GraphModule(torch.nn.Module):
V0820 05:20:03.919000 7 site-packages/torch/_dynamo/output_graph.py:1667] [0/0] [__graph_code]     def forward(self, L_x_: "f32[4, 4][4, 1]cuda:0", L_w_: "f32[4, 4][4, 1]cuda:0"):
V0820 05:20:03.919000 7 site-packages/torch/_dynamo/output_graph.py:1667] [0/0] [__graph_code]         l_x_ = L_x_
V0820 05:20:03.919000 7 site-packages/torch/_dynamo/output_graph.py:1667] [0/0] [__graph_code]         l_w_ = L_w_
V0820 05:20:03.919000 7 site-packages/torch/_dynamo/output_graph.py:1667] [0/0] [__graph_code]         
V0820 05:20:03.919000 7 site-packages/torch/_dynamo/output_graph.py:1667] [0/0] [__graph_code]          # File: /root/aot_overview.py:14 in f, code: return (x @ w).relu().sum()
V0820 05:20:03.919000 7 site-packages/torch/_dynamo/output_graph.py:1667] [0/0] [__graph_code]         matmul: "f32[4, 4][4, 1]cuda:0" = l_x_ @ l_w_;  l_x_ = l_w_ = None
V0820 05:20:03.919000 7 site-packages/torch/_dynamo/output_graph.py:1667] [0/0] [__graph_code]         relu: "f32[4, 4][4, 1]cuda:0" = matmul.relu();  matmul = None
V0820 05:20:03.919000 7 site-packages/torch/_dynamo/output_graph.py:1667] [0/0] [__graph_code]         sum_1: "f32[][]cuda:0" = relu.sum();  relu = None
V0820 05:20:03.919000 7 site-packages/torch/_dynamo/output_graph.py:1667] [0/0] [__graph_code]         return (sum_1,)
V0820 05:20:03.919000 7 site-packages/torch/_dynamo/output_graph.py:1667] [0/0] [__graph_code]         
V0820 05:20:03.919000 7 site-packages/torch/_dynamo/output_graph.py:1667] [0/0] [__graph_code] 
Stopping app - local entrypoint completed.
✓ App completed. View run at 
https://modal.com/apps/guan404ming/main/ap-wQEJtsjy47qWkpn0mws0Cs
